****************************************
Report : annotated_parasitics
	-check
	-internal_nets
	-boundary_nets
	-driverless_nets
	-loadless_nets
	-pin_to_pin_nets
Design : MYTOP
Version: V-2023.12-SP4-VAL-20240710
Date   : Mon Sep  9 12:42:05 2024
****************************************

                    |         |         |         |   RC    |   Not   |
Net Type            |  Total  | Lumped  |  RC pi  | network |Annotated|
--------------------+---------+---------+---------+---------+---------+
Internal nets       |         |         |         |         |         |
  - Pin to pin nets |   54611 |       0 |       0 |   54611 |       0 |
  - Driverless nets |       0 |       0 |       0 |       0 |       0 |
  - Loadless nets   |       0 |       0 |       0 |       0 |       0 |
--------------------+---------+---------+---------+---------+---------+
Boundary/port nets  |         |         |         |         |         |
  - Pin to pin nets |     137 |       0 |       0 |     137 |       0 |
  - Driverless nets |       0 |       0 |       0 |       0 |       0 |
  - Loadless nets   |       0 |       0 |       0 |       0 |       0 |
--------------------+---------+---------+---------+---------+---------+
                    |   54748 |       0 |       0 |   54748 |       0 |

1
