 
****************************************
Report : constraint
        -all_violators
        -min_capacitance
        -max_capacitance
        -max_transition
Design : MYTOP
Version: S-2021.06-SP2
Date   : Mon Sep  9 09:04:20 2024
****************************************


   max_capacitance

                             Required        Actual
   Net                      Capacitance    Capacitance       Slack
   -----------------------------------------------------------------
   U1/n4229                  8.00000       10.24954       -2.24954  (VIOLATED)
   U1/n4370                  8.00000       10.24954       -2.24954  (VIOLATED)
   U1/n4471                  8.00000       10.24954       -2.24954  (VIOLATED)
   U1/n4683                  8.00000       10.24954       -2.24954  (VIOLATED)
   U1/n4732                  8.00000       10.24954       -2.24954  (VIOLATED)
   U1/n4845                  8.00000       10.24954       -2.24954  (VIOLATED)
   U1/n4994                  8.00000       10.24954       -2.24954  (VIOLATED)
   U6/n8355                  8.00000       10.24954       -2.24954  (VIOLATED)
   U6/n8360                  8.00000       10.24954       -2.24954  (VIOLATED)
   U6/n8377                  8.00000       10.24954       -2.24954  (VIOLATED)
   U6/n8393                  8.00000       10.24954       -2.24954  (VIOLATED)
   U6/n8431                  8.00000       10.24954       -2.24954  (VIOLATED)
   U6/n8435                  8.00000       10.24954       -2.24954  (VIOLATED)
   U6/n8455                  8.00000       10.24954       -2.24954  (VIOLATED)
   U6/n8468                  8.00000       10.24954       -2.24954  (VIOLATED)
   U6/n8499                  8.00000       10.24954       -2.24954  (VIOLATED)
   U6/n8504                  8.00000       10.24954       -2.24954  (VIOLATED)
   U6/n8511                  8.00000       10.24954       -2.24954  (VIOLATED)
   U6/n8571                  8.00000       10.24954       -2.24954  (VIOLATED)
   n1822                     8.00000       10.16600       -2.16600  (VIOLATED)
   n2151                     8.00000       10.16600       -2.16600  (VIOLATED)
   n633                     16.00000       17.82162       -1.82162  (VIOLATED)
   n2028                    16.00000       17.82162       -1.82162  (VIOLATED)
   rst                      32.00000       33.81995       -1.81995  (VIOLATED)
   loadsout                 32.00000       33.75728       -1.75728  (VIOLATED)
   n393                     16.00000       17.29900       -1.29900  (VIOLATED)
   n2154                    32.00000       33.03847       -1.03847  (VIOLATED)
   n397                     64.00000       64.18458       -0.18458  (VIOLATED)
   U6/n5175                  8.00000        8.15786       -0.15786  (VIOLATED)

   -----------------------------------------------------------------
   Total                      29              -56.97371 

1
