****************************************
Report : constraint
        -all_violators
        -max_transition
        -max_capacitance
        -min_capacitance
Design : MYTOP
Version: S-2021.06-SP2
Date   : Mon Sep  9 12:24:29 2024
****************************************



   Mode: default Corner: default
   Scenario: default
   max_transition                                                              
                             Required        Actual                            
   Net                      Transition     Transition        Slack  Violation  
  ---------------------------------------------------------------------------
   U9/ropt_net_21174         0.06697        0.05700        0.00997  (MET)      

  ---------------------------------------------------------------------------
   Number of max_transition violation(s): 0

   Mode: default Corner: default
   Scenario: default
   max_capacitance                                                             
                             Required        Actual                            
   Net                      Capacitance    Capacitance       Slack  Violation  
  ---------------------------------------------------------------------------
   U6/n3185                  8.00000        8.88811       -0.88811  (VIOLATED) 
     PIN : U6/U3280/S        8.00000        8.88811       -0.88811  (VIOLATED) 

   U1/n5298                  8.00000        8.51932       -0.51932  (VIOLATED) 
     PIN : U1/U4737/CO       8.00000        8.51932       -0.51932  (VIOLATED) 

   HFSNET_495               16.00000       16.10089       -0.10089  (VIOLATED) 
     PIN : HFSINV_2909_2647/Y
                            16.00000       16.10089       -0.10089  (VIOLATED) 

   U6/HFSNET_302            32.00000       32.10033       -0.10033  (VIOLATED) 
     PIN : U6/HFSBUF_429_1576/Y
                            32.00000       32.10033       -0.10033  (VIOLATED) 

   HFSNET_284               32.00000       32.09507       -0.09507  (VIOLATED) 
     PIN : HFSBUF_443_2178/Y
                            32.00000       32.09507       -0.09507  (VIOLATED) 

   U9/n5178                  8.00000        8.08982       -0.08982  (VIOLATED) 
     PIN : U9/ctmTdsLR_1_13945/Y
                             8.00000        8.08982       -0.08982  (VIOLATED) 

   U6/HFSNET_141            32.00000       32.08612       -0.08612  (VIOLATED) 
     PIN : U6/HFSBUF_534_808/Y
                            32.00000       32.08612       -0.08612  (VIOLATED) 

   U9/HFSNET_480            32.00000       32.07737       -0.07736  (VIOLATED) 
     PIN : U9/HFSBUF_386_2699/Y
                            32.00000       32.07737       -0.07736  (VIOLATED) 

   U0/n5962                  8.00000        8.07574       -0.07574  (VIOLATED) 
     PIN : U0/ctmTdsLR_1_23198/Y
                             8.00000        8.07574       -0.07574  (VIOLATED) 

   U0/HFSNET_11             16.00000       16.06078       -0.06078  (VIOLATED) 
     PIN : U0/ctmTdsLR_1_22206/Y
                            16.00000       16.06078       -0.06078  (VIOLATED) 

   gre_a_INV_162_63          8.00000        8.05590       -0.05590  (VIOLATED) 
     PIN : gre_a_INV_162_inst_44154/Y
                             8.00000        8.05590       -0.05590  (VIOLATED) 

   U0/n8401                  8.00000        8.04889       -0.04889  (VIOLATED) 
     PIN : U0/ctmTdsLR_1_24852/Y
                             8.00000        8.04889       -0.04889  (VIOLATED) 

   in1[46]                  32.00000       32.04715       -0.04714  (VIOLATED) 
     PORT: in1[46]          32.00000       32.04715       -0.04714  (VIOLATED) 

   ZBUF_17_19               64.00000       64.04041       -0.04040  (VIOLATED) 
     PIN : ZBUF_17_inst_3275/Y
                            64.00000       64.04041       -0.04040  (VIOLATED) 

   U6/prodab[60]             8.00000        8.03430       -0.03430  (VIOLATED) 
     PIN : U6/ctmTdsLR_1_22500/Y
                             8.00000        8.03430       -0.03430  (VIOLATED) 

   U1/n8432                 16.00000       16.03279       -0.03279  (VIOLATED) 
     PIN : U1/ctmTdsLR_1_23811/Y
                            16.00000       16.03279       -0.03279  (VIOLATED) 

   U1/n8125                 16.00000       16.02759       -0.02759  (VIOLATED) 
     PIN : U1/ctmTdsLR_1_23802/Y
                            16.00000       16.02759       -0.02759  (VIOLATED) 

   U9/n1412                  8.00000        8.01493       -0.01493  (VIOLATED) 
     PIN : U9/U797/Y         8.00000        8.01493       -0.01493  (VIOLATED) 

   inD[49]                   8.00000        8.00487       -0.00487  (VIOLATED) 
     PIN : inD_reg_49_/Q     8.00000        8.00487       -0.00487  (VIOLATED) 

   U0/n8159                 16.00000       16.00400       -0.00400  (VIOLATED) 
     PIN : U0/ctmTdsLR_1_23457/Y
                            16.00000       16.00400       -0.00400  (VIOLATED) 

   U6/n6790                 16.00000       16.00026       -0.00026  (VIOLATED) 
     PIN : U6/ctmTdsLR_1_22900/Y
                            16.00000       16.00026       -0.00026  (VIOLATED) 

  ---------------------------------------------------------------------------
   Number of max_capacitance violation(s): 21

   Mode: default Corner: default
   Scenario: default
  ---------------------------------------------------------------------------
   Number of min_capacitance violation(s): 0

   Total number of violation(s): 21
1
