****************************************
Report : constraint
        -all_violators
        -max_transition
        -max_capacitance
        -min_capacitance
Design : MYTOP
Version: S-2021.06-SP2
Date   : Mon Sep  9 12:05:29 2024
****************************************



   Mode: default Corner: default
   Scenario: default
  ---------------------------------------------------------------------------
   Number of max_transition violation(s): 0

   Mode: default Corner: default
   Scenario: default
   max_capacitance                                                             
                             Required        Actual                            
   Net                      Capacitance    Capacitance       Slack  Violation  
  ---------------------------------------------------------------------------
   U1/n7064                  8.00000        8.09179       -0.09179  (VIOLATED) 
     PIN : U1/U6239/Y        8.00000        8.09179       -0.09179  (VIOLATED) 

   U0/HFSNET_399            64.00000       64.08448       -0.08447  (VIOLATED) 
     PIN : U0/HFSBUF_440_2071/Y
                            64.00000       64.08448       -0.08447  (VIOLATED) 

   inA[10]                   8.00000        8.07658       -0.07658  (VIOLATED) 
     PIN : inA_reg_10_/Q     8.00000        8.07658       -0.07658  (VIOLATED) 

   U1/n5298                  8.00000        8.06322       -0.06322  (VIOLATED) 
     PIN : U1/U4737/CO       8.00000        8.06322       -0.06322  (VIOLATED) 

   U6/n2465                  8.00000        8.05744       -0.05744  (VIOLATED) 
     PIN : U6/U2586/S        8.00000        8.05744       -0.05744  (VIOLATED) 

   U9/n5461                  8.00000        8.05712       -0.05712  (VIOLATED) 
     PIN : U9/U5057/CO       8.00000        8.05712       -0.05712  (VIOLATED) 

   U1/n5774                 16.00000       16.05447       -0.05447  (VIOLATED) 
     PIN : U1/U155/Y        16.00000       16.05447       -0.05447  (VIOLATED) 

   inA[48]                   8.00000        8.05313       -0.05313  (VIOLATED) 
     PIN : inA_reg_48_/Q     8.00000        8.05313       -0.05313  (VIOLATED) 

   U0/n3217                  8.00000        8.04639       -0.04639  (VIOLATED) 
     PIN : U0/U3095/Y        8.00000        8.04639       -0.04639  (VIOLATED) 

   inA[2]                    8.00000        8.04207       -0.04207  (VIOLATED) 
     PIN : inA_reg_2_/Q      8.00000        8.04207       -0.04207  (VIOLATED) 

   tmp_mult5[32]             8.00000        8.03626       -0.03626  (VIOLATED) 
     PIN : U7_tmp_reg_32_/Q  8.00000        8.03626       -0.03626  (VIOLATED) 

   U9/HFSNET_28             16.00000       16.03330       -0.03330  (VIOLATED) 
     PIN : U9/HFSINV_4_269/Y
                            16.00000       16.03330       -0.03330  (VIOLATED) 

   U0/n6223                  8.00000        8.02951       -0.02951  (VIOLATED) 
     PIN : U0/U2125/Y        8.00000        8.02951       -0.02951  (VIOLATED) 

   U6/n6794                  8.00000        8.02205       -0.02205  (VIOLATED) 
     PIN : U6/U100/Y         8.00000        8.02205       -0.02205  (VIOLATED) 

   U9/n5596                  8.00000        8.02111       -0.02111  (VIOLATED) 
     PIN : U9/U5131/Y        8.00000        8.02111       -0.02111  (VIOLATED) 

   U6/n8578                 16.00000       16.02036       -0.02036  (VIOLATED) 
     PIN : U6/U280/Y        16.00000       16.02036       -0.02036  (VIOLATED) 

   inC[1]                    8.00000        8.01831       -0.01831  (VIOLATED) 
     PIN : inC_reg_1_/Q      8.00000        8.01831       -0.01831  (VIOLATED) 

   U9/n5243                  8.00000        8.01630       -0.01630  (VIOLATED) 
     PIN : U9/U4926/Y        8.00000        8.01630       -0.01630  (VIOLATED) 

   U1/HFSNET_593            32.00000       32.01590       -0.01590  (VIOLATED) 
     PIN : U1/HFSINV_1740_2564/Y
                            32.00000       32.01590       -0.01590  (VIOLATED) 

   U9/n6342                  8.00000        8.00334       -0.00334  (VIOLATED) 
     PIN : U9/U1762/Y        8.00000        8.00334       -0.00334  (VIOLATED) 

   U0/n2535                  8.00000        8.00306       -0.00306  (VIOLATED) 
     PIN : U0/U1960/Y        8.00000        8.00306       -0.00306  (VIOLATED) 

  ---------------------------------------------------------------------------
   Number of max_capacitance violation(s): 21

   Mode: default Corner: default
   Scenario: default
  ---------------------------------------------------------------------------
   Number of min_capacitance violation(s): 0

   Total number of violation(s): 21
1
