****************************************
Report : constraint
        -all_violators
        -max_transition
        -max_capacitance
        -min_capacitance
Design : MYTOP
Version: S-2021.06-SP2
Date   : Mon Sep  9 12:17:11 2024
****************************************



   Mode: default Corner: default
   Scenario: default
   max_transition                                                              
                             Required        Actual                            
   Net                      Transition     Transition        Slack  Violation  
  ---------------------------------------------------------------------------
   U9/HFSNET_58              0.09893        0.07782        0.02111  (MET)      

  ---------------------------------------------------------------------------
   Number of max_transition violation(s): 0

   Mode: default Corner: default
   Scenario: default
   max_capacitance                                                             
                             Required        Actual                            
   Net                      Capacitance    Capacitance       Slack  Violation  
  ---------------------------------------------------------------------------
   U9/n3703                  8.00000        8.00098       -0.00098  (VIOLATED) 
     PIN : U9/U3727/S        8.00000        8.00098       -0.00098  (VIOLATED) 

  ---------------------------------------------------------------------------
   Number of max_capacitance violation(s): 1

   Mode: default Corner: default
   Scenario: default
  ---------------------------------------------------------------------------
   Number of min_capacitance violation(s): 0

   Total number of violation(s): 1
1
