****************************************
Report : timing
        -path_type full
        -delay_type max
        -max_paths 1
        -report_by design
Design : MYTOP
Version: S-2021.06-SP2
Date   : Mon Sep  9 12:00:09 2024
****************************************

  Startpoint: U7_tmp_reg_59_ (rising edge-triggered flip-flop clocked by clk)
  Endpoint: U6/p1_reg_127_ (rising edge-triggered flip-flop clocked by clk)
  Mode: default
  Corner: default
  Scenario: default
  Path Group: clk
  Path Type: max

  Point                                             Incr         Path  
  ------------------------------------------------------------------------------
  clock clk (rise edge)                            0.00000      0.00000
  clock network delay (ideal)                      0.10000      0.10000

  U7_tmp_reg_59_/CLK (DFFARX1_LVT)                 0.00000      0.10000 r
  U7_tmp_reg_59_/Q (DFFARX1_LVT)                   0.16958      0.26958 f
  U6/U317/Y (NBUFFX4_LVT)                          0.09766      0.36724 f
  U6/U206/Y (INVX0_LVT)                            0.07385      0.44109 r
  U6/U145/Y (INVX0_LVT)                            0.08333      0.52442 f
  U6/U3692/Y (XOR2X1_LVT)                          0.11532      0.63974 r
  U6/U52/Y (NOR2X4_LVT)                            0.11528      0.75502 f
  U6/U3693/Y (NAND2X0_LVT)                         0.04530      0.80032 r
  U6/U3694/Y (OAI21X1_LVT)                         0.07269      0.87301 f
  U6/U3695/Y (XOR2X1_LVT)                          0.07887      0.95188 r
  U6/U3772/C1 (HADDX1_LVT)                         0.04622      0.99809 r
  U6/U3872/C1 (HADDX1_LVT)                         0.04595      1.04404 r
  U6/U4025/C1 (HADDX1_LVT)                         0.04774      1.09178 r
  U6/U4108/CO (FADDX1_LVT)                         0.06639      1.15818 r
  U6/U4195/S (FADDX1_LVT)                          0.10727      1.26545 f
  U6/U4238/CO (FADDX1_LVT)                         0.07137      1.33682 f
  U6/U4312/S (FADDX1_LVT)                          0.11478      1.45160 r
  U6/U4309/CO (FADDX1_LVT)                         0.06821      1.51981 r
  U6/U4469/CO (FADDX1_LVT)                         0.07202      1.59183 r
  U6/U4508/CO (FADDX1_LVT)                         0.06865      1.66048 r
  U6/U4673/CO (FADDX1_LVT)                         0.06826      1.72874 r
  U6/U4704/S (FADDX1_LVT)                          0.10386      1.83260 f
  U6/U4838/S (FADDX1_LVT)                          0.10845      1.94105 r
  U6/U4674/Y (NOR2X0_LVT)                          0.05764      1.99869 f
  U6/U5162/Y (OAI21X1_LVT)                         0.08245      2.08114 r
  U6/U5166/Y (AOI21X1_LVT)                         0.06582      2.14697 f
  U6/U5174/Y (OAI21X1_LVT)                         0.07761      2.22458 r
  U6/U5175/Y (AOI21X1_LVT)                         0.04742      2.27199 f
  U6/U5176/Y (OAI21X1_LVT)                         0.06842      2.34041 r
  U6/U7546/Y (AO21X1_LVT)                          0.05827      2.39868 r
  U6/U7582/CO (FADDX1_LVT)                         0.06681      2.46549 r
  U6/U7581/CO (FADDX1_LVT)                         0.06828      2.53378 r
  U6/U7580/CO (FADDX1_LVT)                         0.06828      2.60206 r
  U6/U7579/CO (FADDX1_LVT)                         0.06828      2.67034 r
  U6/U7578/CO (FADDX1_LVT)                         0.06828      2.73863 r
  U6/U7577/CO (FADDX1_LVT)                         0.06828      2.80691 r
  U6/U7576/CO (FADDX1_LVT)                         0.06828      2.87519 r
  U6/U7575/CO (FADDX1_LVT)                         0.06828      2.94348 r
  U6/U7574/CO (FADDX1_LVT)                         0.06828      3.01176 r
  U6/U7573/CO (FADDX1_LVT)                         0.06828      3.08004 r
  U6/U7572/CO (FADDX1_LVT)                         0.06828      3.14832 r
  U6/U7571/CO (FADDX1_LVT)                         0.06828      3.21661 r
  U6/U7570/CO (FADDX1_LVT)                         0.06828      3.28489 r
  U6/U7569/CO (FADDX1_LVT)                         0.06828      3.35317 r
  U6/U7568/CO (FADDX1_LVT)                         0.06828      3.42146 r
  U6/U7567/CO (FADDX1_LVT)                         0.06828      3.48974 r
  U6/U7566/CO (FADDX1_LVT)                         0.06828      3.55802 r
  U6/U7565/CO (FADDX1_LVT)                         0.06828      3.62631 r
  U6/U7564/CO (FADDX1_LVT)                         0.06828      3.69459 r
  U6/U7563/CO (FADDX1_LVT)                         0.06828      3.76287 r
  U6/U7562/CO (FADDX1_LVT)                         0.06828      3.83116 r
  U6/U7561/CO (FADDX1_LVT)                         0.06828      3.89944 r
  U6/U7560/CO (FADDX1_LVT)                         0.06828      3.96772 r
  U6/U7559/CO (FADDX1_LVT)                         0.06828      4.03600 r
  U6/U7558/CO (FADDX1_LVT)                         0.06828      4.10429 r
  U6/U7557/CO (FADDX1_LVT)                         0.06828      4.17257 r
  U6/U7556/CO (FADDX1_LVT)                         0.06830      4.24087 r
  U6/U7555/CO (FADDX1_LVT)                         0.06830      4.30918 r
  U6/U7554/CO (FADDX1_LVT)                         0.06830      4.37748 r
  U6/U7553/CO (FADDX1_LVT)                         0.06826      4.44574 r
  U6/U7552/CO (FADDX1_LVT)                         0.06474      4.51048 r
  U6/U7550/Y (XOR2X1_LVT)                          0.07730      4.58778 f
  U6/p1_reg_127_/D (DFFARX1_LVT)                   0.00000      4.58778 f
  data arrival time                                             4.58778

  clock clk (rise edge)                            5.00000      5.00000
  clock network delay (ideal)                      0.00000      5.00000
  U6/p1_reg_127_/CLK (DFFARX1_LVT)                 0.00000      5.00000 r
  clock uncertainty                               -0.10000      4.90000
  library setup time                              -0.02750      4.87250
  data required time                                            4.87250
  ------------------------------------------------------------------------------
  data required time                                            4.87250
  data arrival time                                            -4.58778
  ------------------------------------------------------------------------------
  slack (MET)                                                   0.28472


1
