****************************************
Report : constraint
	-all_violators
	-max_capacitance
	-min_capacitance
	-max_transition
Design : MYTOP
Version: V-2023.12-SP4-VAL-20240710
Date   : Mon Sep  9 12:42:06 2024
****************************************


   max_capacitance

                             Required        Actual
Pin                      Capacitance    Capacitance       Slack			DRC %
   -----------------------------------------------------------------
U6/U3280/S                8.0             8.88811         -0.88811     (VIOLATED)   11.10%
U1/U4737/CO               8.0             8.51932         -0.51932     (VIOLATED)    6.49%
HFSINV_2909_2647/Y        16.0            16.10089        -0.10089     (VIOLATED)    0.63%
U6/HFSBUF_429_1576/Y      32.0            32.10033        -0.10033     (VIOLATED)    0.31%
HFSBUF_443_2178/Y         32.0            32.09507        -0.09507     (VIOLATED)    0.30%
U9/ctmTdsLR_1_13945/Y     8.0             8.08982         -0.08982     (VIOLATED)    1.12%
U6/HFSBUF_534_808/Y       32.0            32.08612        -0.08612     (VIOLATED)    0.27%
U9/HFSBUF_386_2699/Y      32.0            32.07737        -0.07737     (VIOLATED)    0.24%
U0/ctmTdsLR_1_23198/Y     8.0             8.07574         -0.07574     (VIOLATED)    0.95%
U0/ctmTdsLR_1_22206/Y     16.0            16.06078        -0.06078     (VIOLATED)    0.38%
   gre_a_INV_162_inst_44154/Y
                          8.0             8.0559          -0.0559      (VIOLATED)    0.70%
U0/ctmTdsLR_1_24852/Y     8.0             8.04889         -0.04889     (VIOLATED)    0.61%
in1[46]                   32.0            32.04715        -0.04715     (VIOLATED)    0.15%
ZBUF_17_inst_3275/Y       64.0            64.04041        -0.04041     (VIOLATED)    0.06%
U6/ctmTdsLR_1_22500/Y     8.0             8.0343          -0.0343      (VIOLATED)    0.43%
U1/ctmTdsLR_1_23811/Y     16.0            16.03279        -0.03279     (VIOLATED)    0.20%
U1/ctmTdsLR_1_23802/Y     16.0            16.02759        -0.02759     (VIOLATED)    0.17%
U9/U797/Y                 8.0             8.01493         -0.01493     (VIOLATED)    0.19%
inD_reg_49_/Q             8.0             8.00487         -0.00487     (VIOLATED)    0.06%
U0/ctmTdsLR_1_23457/Y     16.0            16.004          -0.004       (VIOLATED)    0.03%
U6/ctmTdsLR_1_22900/Y     16.0            16.00026        -0.00026     (VIOLATED)    0.00%


1
